
> azshortlink@1.0.0 test
> node --test

✔ splits admin management into focused profile, invite, and operations tabs (2.792077ms)
✔ shows an invite links panel to admins listing every invite, not just their own (0.326581ms)
✔ provides a help tab for reviewing and responding to user requests (0.394834ms)
✔ does not show the self-service invite card, since admins use the full invites panel instead (1.202853ms)
✔ gives admins an audit trail tab with filters and CSV export (0.357089ms)
✔ inline dashboard script is syntactically valid JavaScript (0.373578ms)
✔ escapes the signed-in display name (0.313967ms)
✔ uses the azurehacking favicon and background artwork (0.301026ms)
✔ renders visual statistics charts (0.467719ms)
✔ surfaces non-blocking signup risk flags for administrator review (0.425801ms)
✔ renders Swagger UI inside the branded AzShortLink shell (1.11852ms)
[audit] Failed to record audit event. LOGIN_FAILED Error: boom
    at Object.appendAuditEvent (/workspaces/AzShortLink/test/audit.test.js:148:13)
    at recordAuditEvent (/workspaces/AzShortLink/src/core/audit.js:170:19)
    at /workspaces/AzShortLink/test/audit.test.js:152:36
    at waitForActual (node:assert:632:21)
    at strict.doesNotReject (node:assert:789:39)
    at TestContext.<anonymous> (/workspaces/AzShortLink/test/audit.test.js:152:16)
    at Test.runInAsyncScope (node:async_hooks:228:14)
    at Test.run (node:internal/test_runner/test:1118:25)
    at Test.processPendingSubtests (node:internal/test_runner/test:787:18)
    at Test.postRun (node:internal/test_runner/test:1247:19)
✔ records and lists audit events newest first (10.069121ms)
✔ normalizes user and resource detail keys for SIEM consumers (0.507075ms)
✔ formats the complete public SIEM event contract (0.339783ms)
✔ bounds and sanitizes untrusted audit fields (0.538465ms)
✔ limits anonymous audit writes per source and resets after the window (0.278297ms)
✔ excludes audit events older than the retention window (0.333038ms)
✔ does not throw when the audit write itself fails (1.482826ms)
✔ is a no-op when the storage adapter has no audit support (1.620863ms)
✔ round trips a signed user identity (2.033139ms)
✔ verifies credentials against a stored user profile (19.623179ms)
✔ preserves the signup password when email verification activates the profile (9.171083ms)
✔ login page links to self-service password reset (0.614134ms)
✔ password updates invalidate old session and reset-token versions (0.828517ms)
✔ builds a personalized verification email with onboarding guidance (1.103084ms)
✔ reports missing verification email configuration explicitly (0.836545ms)
✔ builds a styled one-time password reset link email (0.345048ms)
✔ renders username and email reset fields with a pending state (1.42364ms)
✔ renders a choose-new-password form for a valid reset token (0.250281ms)
✔ renders an escaped non-enumerating confirmation (0.185712ms)
✔ normalizes trusted proxy IP header values (10.512851ms)
✔ looks up public IPs locally and ignores private addresses (1.032162ms)
✔ formats UUIDs as short readable ticket numbers (1.092887ms)
✔ synthesizes a conversation for legacy help requests (0.88851ms)
✔ appends messages without replacing conversation history (0.213689ms)
✔ root homepage redirects visitors to the dashboard login page (1.229059ms)
✔ loads Storage Queue triggers and decodes SDK messages as raw JSON (1.079424ms)
✔ normalizes, masks, and hashes an email without retaining its plaintext identity (2.314969ms)
✔ round trips a signed verification token and rejects expiry or tampering (0.682007ms)
✔ creates random one-time password reset claims with a 30-minute expiry (1.285649ms)
✔ allows a verified account through either age or legitimate-use eligibility (1.743438ms)
✔ blocks unverified, immature and unused, deep, quota-full, and suspended branches (0.349033ms)
✔ derives a durable ancestry chain from the sponsor (0.199162ms)
✔ not found page uses the AzureHacking-style error layout and links home to login (1.225179ms)
✔ builds a user OpenAPI document without administrator operations by default (2.578535ms)
✔ includes administrator operations for an admin document (0.623666ms)
✔ signs short-lived passkey challenge state for one purpose (1.381737ms)
✔ parses raw JSON queue messages from string, Buffer, or object (1.394309ms)
✔ sends reset email to the submitted full address after its hash matches (1.585892ms)
✔ does not send when username and submitted email hash do not match (0.377784ms)
✔ returns null when no queue connection is configured (0.821861ms)
✔ creates a queue service for local connection strings (3.749824ms)
✔ sends the full submitted email in a raw JSON queue message (0.888944ms)
✔ creates a downloadable PNG QR code for a short URL (63.985353ms)
✔ limits each client independently and resets after the window (1.746402ms)
✔ allows the configured public origin behind an Azure internal request URL (36.412468ms)
✔ allows a valid www custom-domain origin from the forwarded host (0.481057ms)
✔ rejects an unrelated browser origin (0.350592ms)
✔ accepts browser-confirmed same-origin requests despite proxy origin rewriting (0.295445ms)
✔ rejects browser-confirmed cross-site requests even with a spoofed forwarded host (0.260973ms)
✔ allows requests without Origin such as server clients and same-origin legacy forms (0.195548ms)
✔ global HTTP security policy includes transport and browser hardening (1.518273ms)
✔ Azure infrastructure uses managed identity and default-deny data access (0.469363ms)
✔ production CORS excludes local development origins by default (1.386379ms)
✔ creates short link with generated alias (2.718598ms)
✔ creates short link with requested unique value (0.685157ms)
✔ rejects duplicate unique value (0.855143ms)
✔ resolves short link and increments redirect stats (0.622274ms)
✔ returns only links owned by the active profile (0.344402ms)
✔ deletes only links owned by the caller (1.565928ms)
✔ lets an admin delete any link (0.378403ms)
✔ aggregates analytics for the requested scope (1.096048ms)
✔ keeps usernames case-sensitive (0.684136ms)
✔ records browser, device, referrer and aggregate location breakdowns on redirect (2.087853ms)
✔ scopes analytics to one owned short link (0.455711ms)
✔ issues personal API keys that resolve back to their owner (4.626563ms)
✔ reports detailed healthy storage diagnostics (0.237806ms)
✔ reports degraded storage diagnostics when storage is unavailable (0.161452ms)
✔ creates an invite link as a shortlink pointing at the signup page (0.456698ms)
✔ retries invite alias generation on collision (0.178929ms)
✔ revokes an unredeemed invite link and removes its shortlink (0.173047ms)
✔ rejects revoking an already-redeemed invite link (0.245042ms)
✔ revokeInviteLink returns false for an unknown code (0.078798ms)
✔ page styles live in CSS assets instead of template style blocks (1.445851ms)
✔ stylesheets reference the local background image (0.645284ms)
✔ signup shows a pending state while sending the verification email (0.435838ms)
✔ first-party page sources do not embed static style blocks (1.527739ms)
✔ browser scripts and component styles are served from pinned local assets (0.404409ms)
✔ users, links and audit entities are written to separate table clients (2.162486ms)
✔ stores, filters and responds to help requests in the users table (1.908581ms)
✔ returns null when responding to an unknown help request (0.334435ms)
✔ does not let a user close another users help request (0.245096ms)
✔ purges expired audit rows concurrently (0.708504ms)
✔ appendAuditEvent stores the event time under eventTime, not the reserved timestamp property (0.413698ms)
✔ listAuditEvents maps the stored eventTime back onto timestamp (1.730003ms)
✔ listAuditEvents escapes single quotes in sinceIso before building the OData filter (0.397017ms)
✔ deleteUser removes the user entity and any associated API key entity from the users table (0.741891ms)
✔ deleteUser returns false when the profile does not exist (1.335591ms)
✔ email verification identity updates preserve the stored password hash (0.355869ms)
✔ password updates increment the session version to revoke existing sessions (0.37263ms)
✔ enforces a shared fixed-window API rate limit (0.833343ms)
✔ rate limit rows carry the request context that identifies the client (0.716265ms)
✔ purges expired rate limit rows and keeps live ones (0.282141ms)
✔ getHealthDetails reports each table independently (0.477828ms)
✔ createInvite and getInvite round trip an unredeemed invite (0.280688ms)
✔ listInvites returns every invite regardless of redeemed state (0.238235ms)
✔ listInvites is not scoped to a single admin - it returns invites created by every admin (0.208222ms)
✔ redeemInvite marks an unredeemed invite as used and rejects a second redemption (0.26643ms)
✔ deleteInvite removes the invite entity from the users table (0.192363ms)
✔ renders terminal dashboard form and API hooks (1.756617ms)
✔ renders configuration warning when API key is missing (1.197936ms)
✔ renders statistics, account and delete controls (0.313606ms)
✔ provides a help tab for submitting requests and viewing responses (0.49745ms)
✔ does not show the admin invites-management panel (0.210621ms)
✔ lets a user create their own single invite link from the links tab (1.172652ms)
✔ does not expose any admin-only markup or script to a non-admin user (0.495882ms)
✔ inline dashboard script is syntactically valid JavaScript (0.37015ms)
✔ escapes the signed-in display name (0.290541ms)
✔ uses the azurehacking favicon and background artwork (0.345986ms)
✔ exposes personal API key controls and graphical breakdowns (0.288654ms)
ℹ tests 120
ℹ suites 0
ℹ pass 120
ℹ fail 0
ℹ cancelled 0
ℹ skipped 0
ℹ todo 0
ℹ duration_ms 2347.80691
